#
# There is insufficient memory for the Java Runtime Environment to continue.
# Native memory allocation (mmap) failed to map 536870912 bytes. Error detail: G1 virtual space
# Possible reasons:
#   The system is out of physical RAM or swap space
#   This process is running with CompressedOops enabled, and the Java Heap may be blocking the growth of the native heap
# Possible solutions:
#   Reduce memory load on the system
#   Increase physical memory or swap space
#   Check if swap backing store is full
#   Decrease Java heap size (-Xmx/-Xms)
#   Decrease number of Java threads
#   Decrease Java thread stack sizes (-Xss)
#   Set larger code cache with -XX:ReservedCodeCacheSize=
#   JVM is running with Zero Based Compressed Oops mode in which the Java heap is
#     placed in the first 32GB address space. The Java Heap base address is the
#     maximum limit for the native heap growth. Please use -XX:HeapBaseMinAddress
#     to set the Java Heap base and to place the Java Heap above 32GB virtual address.
# This output file may be truncated or incomplete.
#
#  Out of Memory Error (os_windows.cpp:3828), pid=35160, tid=23944
#
# JRE version:  (21.0.4) (build )
# Java VM: OpenJDK 64-Bit Server VM (21.0.4+-12508038-b607.1, mixed mode, sharing, tiered, compressed oops, compressed class ptrs, g1 gc, windows-amd64)
# No core dump will be written. Minidumps are not enabled by default on client versions of Windows
#

---------------  S U M M A R Y ------------

Command Line: git4idea.http.GitAskPassApp Username for 'https://github.com': 

Host: Intel(R) Core(TM) i7-10700 CPU @ 2.90GHz, 16 cores, 31G,  Windows 11 , 64 bit Build 26100 (10.0.26100.4484)
Time: Wed Aug  6 19:09:19 2025  Windows 11 , 64 bit Build 26100 (10.0.26100.4484) elapsed time: 0.014607 seconds (0d 0h 0m 0s)

---------------  T H R E A D  ---------------

Current thread (0x000002e844df48c0):  JavaThread "Unknown thread" [_thread_in_vm, id=23944, stack(0x000000eee3400000,0x000000eee3500000) (1024K)]

Stack: [0x000000eee3400000,0x000000eee3500000]
Native frames: (J=compiled Java code, j=interpreted, Vv=VM code, C=native code)
V  [jvm.dll+0x6ce539]
V  [jvm.dll+0x85bf03]
V  [jvm.dll+0x85e45e]
V  [jvm.dll+0x85eb43]
V  [jvm.dll+0x27dd06]
V  [jvm.dll+0x6cada5]
V  [jvm.dll+0x6bf27a]
V  [jvm.dll+0x3541fb]
V  [jvm.dll+0x35be36]
V  [jvm.dll+0x3adbc6]
V  [jvm.dll+0x3ade98]
V  [jvm.dll+0x32691c]
V  [jvm.dll+0x32760b]
V  [jvm.dll+0x823959]
V  [jvm.dll+0x3bacf8]
V  [jvm.dll+0x80cd58]
V  [jvm.dll+0x44ef2e]
V  [jvm.dll+0x450691]
C  [jli.dll+0x52ab]
C  [ucrtbase.dll+0x37b0]
C  [KERNEL32.DLL+0x2e8d7]
C  [ntdll.dll+0x3c34c]


---------------  P R O C E S S  ---------------

Threads class SMR info:
_java_thread_list=0x00007ff8517da808, length=0, elements={
}

Java Threads: ( => current thread )
Total: 0

Other Threads:
  0x000002e847103ce0 WorkerThread "GC Thread#0"                     [id=37500, stack(0x000000eee3500000,0x000000eee3600000) (1024K)]
  0x000002e8471159c0 ConcurrentGCThread "G1 Main Marker"            [id=26508, stack(0x000000eee3600000,0x000000eee3700000) (1024K)]
  0x000002e8471164c0 WorkerThread "G1 Conc#0"                       [id=34664, stack(0x000000eee3700000,0x000000eee3800000) (1024K)]

[error occurred during error reporting (printing all threads), id 0xc0000005, EXCEPTION_ACCESS_VIOLATION (0xc0000005) at pc=0x00007ff850fd9957]
VM state: not at safepoint (not fully initialized)

VM Mutex/Monitor currently owned by a thread:  ([mutex/lock_event])
[0x00007ff8518473f8] Heap_lock - owner thread: 0x000002e844df48c0

Heap address: 0x0000000602800000, size: 8152 MB, Compressed Oops mode: Zero based, Oop shift amount: 3

CDS archive(s) mapped at: [0x0000000000000000-0x0000000000000000-0x0000000000000000), size 0, SharedBaseAddress: 0x0000000800000000, ArchiveRelocationMode: 1.
Narrow klass base: 0x0000000000000000, Narrow klass shift: 0, Narrow klass range: 0x0

GC Precious Log:
 CardTable entry size: 512
 Card Set container configuration: InlinePtr #cards 4 size 8 Array Of Cards #cards 32 size 80 Howl #buckets 8 coarsen threshold 7372 Howl Bitmap #cards 1024 size 144 coarsen threshold 921 Card regions per heap region 1 cards per card region 8192

Heap:
 garbage-first heap   total 0K, used 0K [0x0000000602800000, 0x0000000800000000)
  region size 4096K, 0 young (0K), 0 survivors (0K)
 Metaspace       used 0K, committed 0K, reserved 0K
  class space    used 0K, committed 0K, reserved 0K

Heap Regions: E=young(eden), S=young(survivor), O=old, HS=humongous(starts), HC=humongous(continues), CS=collection set, F=free, TAMS=top-at-mark-start, PB=parsable bottom

Card table byte_map: [0x000002e85aa10000,0x000002e85ba00000] _byte_map_base: 0x000002e8579fc000

Marking Bits: (CMBitMap*) 0x000002e8471043e0
 Bits: [0x000002e85ba00000, 0x000002e863960000)

GC Heap History (0 events):
No events

Dll operation events (1 events):
Event: 0.008 Loaded shared library C:\Program Files\Android\Android Studio4\jbr\bin\java.dll

Deoptimization events (0 events):
No events

Classes loaded (0 events):
No events

Classes unloaded (0 events):
No events

Classes redefined (0 events):
No events

Internal exceptions (0 events):
No events

ZGC Phase Switch (0 events):
No events

VM Operations (0 events):
No events

Memory protections (0 events):
No events

Nmethod flushes (0 events):
No events

Events (0 events):
No events


Dynamic libraries:
0x00007ff6c2370000 - 0x00007ff6c237a000 	C:\Program Files\Android\Android Studio4\jbr\bin\java.exe
0x00007ff918860000 - 0x00007ff918ac8000 	C:\WINDOWS\SYSTEM32\ntdll.dll
0x00007ff9173c0000 - 0x00007ff917489000 	C:\WINDOWS\System32\KERNEL32.DLL
0x00007ff915b00000 - 0x00007ff915eed000 	C:\WINDOWS\System32\KERNELBASE.dll
0x00007ff9159b0000 - 0x00007ff915afb000 	C:\WINDOWS\System32\ucrtbase.dll
0x00007ff908750000 - 0x00007ff90876b000 	C:\Program Files\Android\Android Studio4\jbr\bin\VCRUNTIME140.dll
0x00007ff8fddc0000 - 0x00007ff8fddd8000 	C:\Program Files\Android\Android Studio4\jbr\bin\jli.dll
0x00007ff917ca0000 - 0x00007ff917e6c000 	C:\WINDOWS\System32\USER32.dll
0x00007ff900890000 - 0x00007ff900b2a000 	C:\WINDOWS\WinSxS\amd64_microsoft.windows.common-controls_6595b64144ccf1df_6.0.26100.4484_none_3e0e6d4ce32ef3b3\COMCTL32.dll
0x00007ff916310000 - 0x00007ff916337000 	C:\WINDOWS\System32\win32u.dll
0x00007ff918650000 - 0x00007ff9186f9000 	C:\WINDOWS\System32\msvcrt.dll
0x00007ff917370000 - 0x00007ff91739b000 	C:\WINDOWS\System32\GDI32.dll
0x00007ff9164c0000 - 0x00007ff9165f7000 	C:\WINDOWS\System32\gdi32full.dll
0x00007ff9161a0000 - 0x00007ff916243000 	C:\WINDOWS\System32\msvcp_win.dll
0x00007ff918510000 - 0x00007ff91853f000 	C:\WINDOWS\System32\IMM32.DLL
0x00007ff9106a0000 - 0x00007ff9106ac000 	C:\Program Files\Android\Android Studio4\jbr\bin\vcruntime140_1.dll
0x00007ff8c3490000 - 0x00007ff8c351d000 	C:\Program Files\Android\Android Studio4\jbr\bin\msvcp140.dll
0x00007ff850ca0000 - 0x00007ff851923000 	C:\Program Files\Android\Android Studio4\jbr\bin\server\jvm.dll
0x00007ff917490000 - 0x00007ff917544000 	C:\WINDOWS\System32\ADVAPI32.dll
0x00007ff918710000 - 0x00007ff9187b6000 	C:\WINDOWS\System32\sechost.dll
0x00007ff9177c0000 - 0x00007ff9178d8000 	C:\WINDOWS\System32\RPCRT4.dll
0x00007ff9175d0000 - 0x00007ff917644000 	C:\WINDOWS\System32\WS2_32.dll
0x00007ff915820000 - 0x00007ff91587e000 	C:\WINDOWS\SYSTEM32\POWRPROF.dll
0x00007ff90dc10000 - 0x00007ff90dc1b000 	C:\WINDOWS\SYSTEM32\VERSION.dll
0x00007ff904f40000 - 0x00007ff904f75000 	C:\WINDOWS\SYSTEM32\WINMM.dll
0x00007ff915800000 - 0x00007ff915814000 	C:\WINDOWS\SYSTEM32\UMPDC.dll
0x00007ff914720000 - 0x00007ff91473b000 	C:\WINDOWS\SYSTEM32\kernel.appcore.dll
0x00007ff908740000 - 0x00007ff90874a000 	C:\Program Files\Android\Android Studio4\jbr\bin\jimage.dll
0x00007ff913190000 - 0x00007ff9133d1000 	C:\WINDOWS\SYSTEM32\DBGHELP.DLL
0x00007ff916600000 - 0x00007ff916986000 	C:\WINDOWS\System32\combase.dll
0x00007ff918560000 - 0x00007ff918640000 	C:\WINDOWS\System32\OLEAUT32.dll
0x00007ff8fb7f0000 - 0x00007ff8fb833000 	C:\WINDOWS\SYSTEM32\dbgcore.DLL
0x00007ff916070000 - 0x00007ff916109000 	C:\WINDOWS\System32\bcryptPrimitives.dll
0x00007ff9085f0000 - 0x00007ff908610000 	C:\Program Files\Android\Android Studio4\jbr\bin\java.dll

dbghelp: loaded successfully - version: 4.0.5 - missing functions: none
symbol engine: initialized successfully - sym options: 0x614 - pdb path: .;C:\Program Files\Android\Android Studio4\jbr\bin;C:\WINDOWS\SYSTEM32;C:\WINDOWS\WinSxS\amd64_microsoft.windows.common-controls_6595b64144ccf1df_6.0.26100.4484_none_3e0e6d4ce32ef3b3;C:\Program Files\Android\Android Studio4\jbr\bin\server

VM Arguments:
java_command: git4idea.http.GitAskPassApp Username for 'https://github.com': 
java_class_path (initial): C:/Program Files/Android/Android Studio4/plugins/vcs-git/lib/git4idea-rt.jar;C:/Program Files/Android/Android Studio4/lib/externalProcess-rt.jar
Launcher Type: SUN_STANDARD

[Global flags]
     intx CICompilerCount                          = 12                                        {product} {ergonomic}
     uint ConcGCThreads                            = 3                                         {product} {ergonomic}
     uint G1ConcRefinementThreads                  = 13                                        {product} {ergonomic}
   size_t G1HeapRegionSize                         = 4194304                                   {product} {ergonomic}
    uintx GCDrainStackTargetSize                   = 64                                        {product} {ergonomic}
   size_t InitialHeapSize                          = 536870912                                 {product} {ergonomic}
   size_t MarkStackSize                            = 4194304                                   {product} {ergonomic}
   size_t MaxHeapSize                              = 8547991552                                {product} {ergonomic}
   size_t MinHeapDeltaBytes                        = 4194304                                   {product} {ergonomic}
   size_t MinHeapSize                              = 8388608                                   {product} {ergonomic}
    uintx NonNMethodCodeHeapSize                   = 7602480                                {pd product} {ergonomic}
    uintx NonProfiledCodeHeapSize                  = 122027880                              {pd product} {ergonomic}
    uintx ProfiledCodeHeapSize                     = 122027880                              {pd product} {ergonomic}
    uintx ReservedCodeCacheSize                    = 251658240                              {pd product} {ergonomic}
     bool SegmentedCodeCache                       = true                                      {product} {ergonomic}
   size_t SoftMaxHeapSize                          = 8547991552                             {manageable} {ergonomic}
     bool UseCompressedOops                        = true                           {product lp64_product} {ergonomic}
     bool UseG1GC                                  = true                                      {product} {ergonomic}
     bool UseLargePagesIndividualAllocation        = false                                  {pd product} {ergonomic}

Logging:
Log output configuration:
 #0: stdout all=warning uptime,level,tags foldmultilines=false
 #1: stderr all=off uptime,level,tags foldmultilines=false

Environment Variables:
JAVA_HOME=C:\Program Files\Java\jre1.8.0_461\bin
PATH=C:\Program Files\Git\mingw64\libexec\git-core;C:\Program Files\Git\mingw64\libexec\git-core;C:\Program Files\Git\mingw64\bin;C:\Program Files\Git\usr\bin;C:\Users\Administrator\bin;C:\Program Files (x86)\Common Files\Oracle\Java\java8path;C:\Program Files (x86)\Common Files\Oracle\Java\javapath;C:\Users\Administrator\Desktop\WINDOWS.X64_193000_db_home\bin;C:\Program Files\Java\jre1.8.0_461\bin;C:\WINDOWS.X64_193000_db_home\bin;C:\app\oracle\bin;C:\Users\Administrator\Desktop\work\oracle\WINDOWS.X64_193000_db_home\bin;C:\Users\Administrator\Desktop\work\dev\WINDOWS.X64_193000_db_home\bin;C:\Users\Administrator\Desktop\work\docker\docker-images\OracleDatabase\SingleInstance\dockerfiles\19.3.0\WINDOWS.X64_193000_db_home\bin;C:\Program Files (x86)\Razer Chroma SDK\bin;C:\Program Files\Razer Chroma SDK\bin;C:\Program Files (x86)\Razer\ChromaBroadcast\bin;C:\Program Files\Razer\ChromaBroadcast\bin;C:\Windows\system32;C:\Windows;C:\Windows\System32\Wbem;C:\Windows\System32\WindowsPowerShell\v1.0;C:\Windows\System32\OpenSSH;C:\Program Files (x86)\NVIDIA Corporation\PhysX\Common;C:\Program Files\NVIDIA Corporation\NVIDIA NvDLISR;C:\WINDOWS\system32;C:\WINDOWS;C:\WINDOWS\System32\Wbem;C:\WINDOWS\System32\WindowsPowerShell\v1.0;C:\WINDOWS\System32\OpenSSH;C:\WINDOWS\system32\config\systemprofile\AppData\Local\Microsoft\WindowsApps;C:\Users\takatsuka\AppData\Local\Programs\Python\Python310;C:\Users\takatsuka\AppData\Local\Programs\Python\Python310\Scripts;C:\Program Files\wooting-analog-sdk;C:\Program Files\TortoiseSVN\bin;C:\Program Files\Java\jre1.8.0_461\bin\bin;C:\Program Files\PuTTY;C:\Users\Administrator\AppData\Roaming\nvm;C:\Program Files\nodejs;C:\Program Files\nodejs;C:\Program Files\PostgreSQL\16\bin;C:\Users\Administrator\AppData\Local\Android\Sdk\platform-tools;C:\flutter\bin;C:\Program Files\TortoiseGit\bin;C:\Program Files\Git\cmd;C:\WINDOWS\system32;C:\WINDOWS;C:\WINDOWS\System32\Wbem;C:\WINDOWS\System32\WindowsPowerShell\v1.0;C:\WINDOWS\System32\OpenSSH;C:\Users\Administrator\AppData\Local\Microsoft\WindowsApps;C:\Users\Administrator\AppData\Local\Programs\Microsoft VS Code\bin;C:\Program Files\heroku\bin;C:\Program Files\Git\usr\bin;node_modules\npm\bin;C:\Users\Administrator\Downloads\instantclient_21_9;C:\Program Files\PostgreSQL\15\bin;C:\maven\bin;C:\Users\Administrator\AppData\Roaming\nvm;C:\Program Files\nodejs;C:\Users\Administrator\AppData\Roaming\npm;C:\chrome-win64
USERNAME=Administrator
DISPLAY=:0.0
LC_ALL=en_US.UTF-8
TERM=xterm-256color
TMPDIR=C:\Users\ADMINI~1\AppData\Local\Temp
OS=Windows_NT
PROCESSOR_IDENTIFIER=Intel64 Family 6 Model 165 Stepping 5, GenuineIntel
TMP=C:\Users\ADMINI~1\AppData\Local\Temp
TEMP=C:\Users\ADMINI~1\AppData\Local\Temp




Periodic native trim disabled

JNI global refs:
JNI global refs: 0, weak refs: 0

JNI global refs memory usage: 0, weak refs: 0

Process memory usage:
Resident Set Size: 13256K (0% of 33376280K total physical memory with 1720240K free physical memory)

OOME stack traces (most recent first):
Classloader memory used:

---------------  S Y S T E M  ---------------

OS:
 Windows 11 , 64 bit Build 26100 (10.0.26100.4484)
OS uptime: 10 days 6:32 hours
Hyper-V role detected

CPU: total 16 (initial active 16) (8 cores per cpu, 2 threads per core) family 6 model 165 stepping 5 microcode 0xe0, cx8, cmov, fxsr, ht, mmx, 3dnowpref, sse, sse2, sse3, ssse3, sse4.1, sse4.2, popcnt, lzcnt, tsc, tscinvbit, avx, avx2, aes, erms, clmul, bmi1, bmi2, adx, fma, vzeroupper, clflush, clflushopt, hv, rdtscp, f16c
Processor Information for all 16 processors :
  Max Mhz: 2904, Current Mhz: 2904, Mhz Limit: 2904

Memory: 4k page, system-wide physical 32594M (1679M free)
TotalPageFile size 50879M (AvailPageFile size 376M)
current process WorkingSet (physical memory assigned to process): 12M, peak: 12M
current process commit charge ("private bytes"): 71M, peak: 583M

vm_info: OpenJDK 64-Bit Server VM (21.0.4+-12508038-b607.1) for windows-amd64 JRE (21.0.4+-12508038-b607.1), built on 2024-10-16T17:23:34Z by "builder" with MS VC++ 16.10 / 16.11 (VS2019)

END.
